	--------------------------------------------
		Noxim - the NoC Simulator
		(C) University of Catania
	--------------------------------------------
Catania V., Mineo A., Monteleone S., Palesi M., and Patti D. (2016) Cycle-Accurate Network on Chip Simulation with Noxim. ACM Trans. Model. Comput. Simul. 27, 1, Article 4 (August 2016), 25 pages. DOI: https://doi.org/10.1145/2953878


Loading configuration from file "/home/kings/noxim/config_examples/256_16h_12channels.yaml"... Done
Loading power configurations from file "/home/kings/noxim/bin/power.yaml"... Done
Reset for 1000 cycles...  done! 
 Now running for 10000 cycles...
Noxim simulation completed. (11000 cycles executed)

% Total received packets: 3907
% Total received flits: 46916
% Received/Ideal flits Ratio: 0.0339381
% Average wireless utilization: 0.220374
% Global average delay (cycles): 3831.26
% Max delay (cycles): 9667
% Network throughput (flits/cycle): 5.21289
% Average IP throughput (flits/cycle/IP): 0.0203628
% Total energy (J): 0.000112469
% 	Dynamic energy (J): 7.53183e-06
% 	Static energy (J): 0.000104937


        SystemC 2.3.1-Accellera --- Apr 12 2026 20:10:06
        Copyright (c) 1996-2014 by all Contributors,
        ALL RIGHTS RESERVED
