	--------------------------------------------
		Noxim - the NoC Simulator
		(C) University of Catania
	--------------------------------------------
Catania V., Mineo A., Monteleone S., Palesi M., and Patti D. (2016) Cycle-Accurate Network on Chip Simulation with Noxim. ACM Trans. Model. Comput. Simul. 27, 1, Article 4 (August 2016), 25 pages. DOI: https://doi.org/10.1145/2953878


Loading configuration from file "/home/kings/noxim/config_examples/256_16h_8channels.yaml"... Done
Loading power configurations from file "/home/kings/noxim/bin/power.yaml"... Done
Reset for 1000 cycles...  done! 
 Now running for 10000 cycles...
Noxim simulation completed. (11000 cycles executed)

% Total received packets: 4436
% Total received flits: 53189
% Received/Ideal flits Ratio: 0.0320632
% Average wireless utilization: 0.234896
% Global average delay (cycles): 4545.42
% Max delay (cycles): 9864
% Network throughput (flits/cycle): 5.90989
% Average IP throughput (flits/cycle/IP): 0.0230855
% Total energy (J): 9.14023e-05
% 	Dynamic energy (J): 8.73762e-06
% 	Static energy (J): 8.26647e-05


        SystemC 2.3.1-Accellera --- Apr 12 2026 20:10:06
        Copyright (c) 1996-2014 by all Contributors,
        ALL RIGHTS RESERVED
